// Jest Snapshot v1, https://goo.gl/fbAQLP

exports[`FavoriteList should render correctly 1`] = `
Array [
  <li
    className="favorites__locations-items"
  >
    <div
      className="favorites__locations locations locations--current"
    >
      <div
        className="locations__item"
      >
        <a
          className="locations__item-link"
          href="#"
        >
          <span>
            Paris
          </span>
        </a>
      </div>
    </div>
    <div
      className="favorites__places"
    >
      <article
        className="favorites__card place-card"
        onMouseOver={[Function]}
      >
        <div
          className="favorites__image-wrapper place-card__image-wrapper"
        >
          <a
            className="header__logo-link"
            href="/offer/1"
            onClick={[Function]}
          >
            <img
              alt="Place image"
              className="place-card__image"
              height="110"
              src="small-img-url"
              width="150"
            />
          </a>
        </div>
        <div
          className="undefined place-card__info"
        >
          <div
            className="place-card__price-wrapper"
          >
            <div
              className="place-card__price"
            >
              <b
                className="place-card__price-value"
              >
                €
                100
              </b>
              <span
                className="place-card__price-text"
              >
                / night
              </span>
            </div>
            <button
              className="place-card__bookmark-button place-card__bookmark-button--active button"
              onClick={[Function]}
              type="button"
            >
              <svg
                className="place-card__bookmark-icon"
                height={19}
                width={18}
              >
                <use
                  xlinkHref="#icon-bookmark"
                />
              </svg>
              <span
                className="visually-hidden"
              >
                In bookmarks
              </span>
            </button>
          </div>
          <div
            className="place-card__rating rating"
          >
            <div
              className="place-card__stars rating__stars"
            >
              <span
                style={
                  Object {
                    "width": "90%",
                  }
                }
              />
              <span
                className="visually-hidden"
              >
                Rating
              </span>
            </div>
          </div>
          <h2
            className="place-card__name"
          >
            <a
              href="/offer/1"
              onClick={[Function]}
            >
              title
            </a>
          </h2>
          <p
            className="place-card__type"
          >
            type
          </p>
        </div>
      </article>
      <article
        className="favorites__card place-card"
        onMouseOver={[Function]}
      >
        <div
          className="place-card__mark"
        >
          <span>
            Premium
          </span>
        </div>
        <div
          className="favorites__image-wrapper place-card__image-wrapper"
        >
          <a
            className="header__logo-link"
            href="/offer/3"
            onClick={[Function]}
          >
            <img
              alt="Place image"
              className="place-card__image"
              height="110"
              src="small-img-url"
              width="150"
            />
          </a>
        </div>
        <div
          className="undefined place-card__info"
        >
          <div
            className="place-card__price-wrapper"
          >
            <div
              className="place-card__price"
            >
              <b
                className="place-card__price-value"
              >
                €
                300
              </b>
              <span
                className="place-card__price-text"
              >
                / night
              </span>
            </div>
            <button
              className="place-card__bookmark-button place-card__bookmark-button--active button"
              onClick={[Function]}
              type="button"
            >
              <svg
                className="place-card__bookmark-icon"
                height={19}
                width={18}
              >
                <use
                  xlinkHref="#icon-bookmark"
                />
              </svg>
              <span
                className="visually-hidden"
              >
                In bookmarks
              </span>
            </button>
          </div>
          <div
            className="place-card__rating rating"
          >
            <div
              className="place-card__stars rating__stars"
            >
              <span
                style={
                  Object {
                    "width": "74%",
                  }
                }
              />
              <span
                className="visually-hidden"
              >
                Rating
              </span>
            </div>
          </div>
          <h2
            className="place-card__name"
          >
            <a
              href="/offer/3"
              onClick={[Function]}
            >
              title
            </a>
          </h2>
          <p
            className="place-card__type"
          >
            type
          </p>
        </div>
      </article>
    </div>
  </li>,
  <li
    className="favorites__locations-items"
  >
    <div
      className="favorites__locations locations locations--current"
    >
      <div
        className="locations__item"
      >
        <a
          className="locations__item-link"
          href="#"
        >
          <span>
            Amsterdam
          </span>
        </a>
      </div>
    </div>
    <div
      className="favorites__places"
    >
      <article
        className="favorites__card place-card"
        onMouseOver={[Function]}
      >
        <div
          className="favorites__image-wrapper place-card__image-wrapper"
        >
          <a
            className="header__logo-link"
            href="/offer/7"
            onClick={[Function]}
          >
            <img
              alt="Place image"
              className="place-card__image"
              height="110"
              src="small-img-url"
              width="150"
            />
          </a>
        </div>
        <div
          className="undefined place-card__info"
        >
          <div
            className="place-card__price-wrapper"
          >
            <div
              className="place-card__price"
            >
              <b
                className="place-card__price-value"
              >
                €
                490
              </b>
              <span
                className="place-card__price-text"
              >
                / night
              </span>
            </div>
            <button
              className="place-card__bookmark-button place-card__bookmark-button--active button"
              onClick={[Function]}
              type="button"
            >
              <svg
                className="place-card__bookmark-icon"
                height={19}
                width={18}
              >
                <use
                  xlinkHref="#icon-bookmark"
                />
              </svg>
              <span
                className="visually-hidden"
              >
                In bookmarks
              </span>
            </button>
          </div>
          <div
            className="place-card__rating rating"
          >
            <div
              className="place-card__stars rating__stars"
            >
              <span
                style={
                  Object {
                    "width": "96%",
                  }
                }
              />
              <span
                className="visually-hidden"
              >
                Rating
              </span>
            </div>
          </div>
          <h2
            className="place-card__name"
          >
            <a
              href="/offer/7"
              onClick={[Function]}
            >
              title
            </a>
          </h2>
          <p
            className="place-card__type"
          >
            type
          </p>
        </div>
      </article>
    </div>
  </li>,
]
`;
